{"Fruit":"Apple","Price":Infinity}
{"Fruit":null,"Price":31.6}
{"Fruit":"Pear","Price":NaN}
